exports[`test Should render CreateButton correctly 1`] = `
<View
  style={
    Object {
      "alignItems": "center",
      "bottom": 0,
      "justifyContent": "center",
      "position": "absolute",
      "width": 750,
    }
  }>
  <View
    accessibilityComponentType={undefined}
    accessibilityLabel={undefined}
    accessibilityTraits={undefined}
    accessible={true}
    hitSlop={undefined}
    onLayout={undefined}
    onResponderGrant={[Function]}
    onResponderMove={[Function]}
    onResponderRelease={[Function]}
    onResponderTerminate={[Function]}
    onResponderTerminationRequest={[Function]}
    onStartShouldSetResponder={[Function]}
    style={
      Object {
        "opacity": 1,
      }
    }
    testID={undefined}>
    <Image
      source={1}
      style={
        Object {
          "alignSelf": "center",
          "marginBottom": 20,
        }
      } />
  </View>
</View>
`;
