exports[`test Should render TextInput correctly 1`] = `
<TextInput
  autoFocus={undefined}
  keyboardType="default"
  onBlur={[Function]}
  onChangeText={[Function]}
  onFocus={[Function]}
  onSubmitEditing={undefined}
  placeholder={undefined}
  placeholderTextColor={undefined}
  returnKeyType="done"
  style={
    Array [
      Object {
        "color": "#9E9E9E",
      },
      undefined,
    ]
  }
  underlineColorAndroid="#E0E0E0" />
`;
